// Jest Snapshot v1, https://goo.gl/fbAQLP

exports[`SearchResults component renders 1`] = `
<ul>
  <li
    key="http://google.com"
  >
    <a
      href="http://google.com"
      rel="noopener noreferrer"
      target="_blank"
    >
      This is Google
    </a>
  </li>
</ul>
`;

exports[`SearchResults component renders empty when no data 1`] = `<ul />`;
